// Jest Snapshot v1, https://goo.gl/fbAQLP

exports[`<Navbar /> renders the component 1`] = `
<nav
  class=" container mt-16 flex items-center justify-between flex-wrap"
>
  <div
    class="flex items-center flex-shrink-0 text-white mr-6"
  >
    <img
      alt="logo"
      src="logo.svg"
    />
  </div>
  <div>
    <a
      class="inline-block  bg-white text-blue-800 font-title font-semibold py-2 px-4 rounded-full"
      href="/signin"
    >
      Try Demo Now
    </a>
  </div>
</nav>
`;
